  Game.cpp
  GameManager.cpp
D:\ITI\Game Programming Intake 46\Mini Jam\Mini-Jam\MiniJam_Team05\GameManager.cpp(129,29): warning C4018: '<': signed/unsigned mismatch
  MainMenu.cpp
  Generating Code...
Animation.obj : error LNK2019: unresolved external symbol "__declspec(dllimport) public: class sf::Vector2<unsigned int> __thiscall sf::Texture::getSize(void)const " (__imp_?getSize@Texture@sf@@QBE?AV?$Vector2@I@2@XZ) referenced in function "public: __thiscall Animation::Animation(class sf::Texture *,class sf::Vector2<unsigned int>,float)" (??0Animation@@QAE@PAVTexture@sf@@V?$Vector2@I@2@M@Z)
Door.obj : error LNK2001: unresolved external symbol "__declspec(dllimport) public: class sf::Vector2<unsigned int> __thiscall sf::Texture::getSize(void)const " (__imp_?getSize@Texture@sf@@QBE?AV?$Vector2@I@2@XZ)
Spike.obj : error LNK2001: unresolved external symbol "__declspec(dllimport) public: class sf::Vector2<unsigned int> __thiscall sf::Texture::getSize(void)const " (__imp_?getSize@Texture@sf@@QBE?AV?$Vector2@I@2@XZ)
Player.obj : error LNK2001: unresolved external symbol "__declspec(dllimport) public: void __thiscall sf::Transformable::setPosition(class sf::Vector2<float> const &)" (__imp_?setPosition@Transformable@sf@@QAEXABV?$Vector2@M@2@@Z)
Spike.obj : error LNK2001: unresolved external symbol "__declspec(dllimport) public: void __thiscall sf::Transformable::setPosition(class sf::Vector2<float> const &)" (__imp_?setPosition@Transformable@sf@@QAEXABV?$Vector2@M@2@@Z)
UIBtn.obj : error LNK2001: unresolved external symbol "__declspec(dllimport) public: void __thiscall sf::Transformable::setPosition(class sf::Vector2<float> const &)" (__imp_?setPosition@Transformable@sf@@QAEXABV?$Vector2@M@2@@Z)
Background.obj : error LNK2001: unresolved external symbol "__declspec(dllimport) public: void __thiscall sf::Transformable::setPosition(class sf::Vector2<float> const &)" (__imp_?setPosition@Transformable@sf@@QAEXABV?$Vector2@M@2@@Z)
Door.obj : error LNK2001: unresolved external symbol "__declspec(dllimport) public: void __thiscall sf::Transformable::setPosition(class sf::Vector2<float> const &)" (__imp_?setPosition@Transformable@sf@@QAEXABV?$Vector2@M@2@@Z)
GameObject.obj : error LNK2001: unresolved external symbol "__declspec(dllimport) public: void __thiscall sf::Transformable::setPosition(class sf::Vector2<float> const &)" (__imp_?setPosition@Transformable@sf@@QAEXABV?$Vector2@M@2@@Z)
Key.obj : error LNK2001: unresolved external symbol "__declspec(dllimport) public: void __thiscall sf::Transformable::setPosition(class sf::Vector2<float> const &)" (__imp_?setPosition@Transformable@sf@@QAEXABV?$Vector2@M@2@@Z)
Background.obj : error LNK2019: unresolved external symbol "__declspec(dllimport) public: void __thiscall sf::Transformable::setRotation(float)" (__imp_?setRotation@Transformable@sf@@QAEXM@Z) referenced in function "public: __thiscall Background::Background(class sf::Texture *,class sf::Texture *)" (??0Background@@QAE@PAVTexture@sf@@0@Z)
Door.obj : error LNK2001: unresolved external symbol "__declspec(dllimport) public: void __thiscall sf::Transformable::setRotation(float)" (__imp_?setRotation@Transformable@sf@@QAEXM@Z)
GameObject.obj : error LNK2001: unresolved external symbol "__declspec(dllimport) public: void __thiscall sf::Transformable::setRotation(float)" (__imp_?setRotation@Transformable@sf@@QAEXM@Z)
Spike.obj : error LNK2001: unresolved external symbol "__declspec(dllimport) public: void __thiscall sf::Transformable::setRotation(float)" (__imp_?setRotation@Transformable@sf@@QAEXM@Z)
Background.obj : error LNK2019: unresolved external symbol "__declspec(dllimport) public: void __thiscall sf::Transformable::setOrigin(class sf::Vector2<float> const &)" (__imp_?setOrigin@Transformable@sf@@QAEXABV?$Vector2@M@2@@Z) referenced in function "public: __thiscall Background::Background(class sf::Texture *,class sf::Texture *)" (??0Background@@QAE@PAVTexture@sf@@0@Z)
GameObject.obj : error LNK2001: unresolved external symbol "__declspec(dllimport) public: void __thiscall sf::Transformable::setOrigin(class sf::Vector2<float> const &)" (__imp_?setOrigin@Transformable@sf@@QAEXABV?$Vector2@M@2@@Z)
UIBtn.obj : error LNK2001: unresolved external symbol "__declspec(dllimport) public: void __thiscall sf::Transformable::setOrigin(class sf::Vector2<float> const &)" (__imp_?setOrigin@Transformable@sf@@QAEXABV?$Vector2@M@2@@Z)
Background.obj : error LNK2019: unresolved external symbol "__declspec(dllimport) public: float __thiscall sf::Transformable::getRotation(void)const " (__imp_?getRotation@Transformable@sf@@QBEMXZ) referenced in function "public: void __thiscall Background::Update(float)" (?Update@Background@@QAEXM@Z)
Background.obj : error LNK2019: unresolved external symbol "__declspec(dllimport) public: void __thiscall sf::Shape::setTexture(class sf::Texture const *,bool)" (__imp_?setTexture@Shape@sf@@QAEXPBVTexture@2@_N@Z) referenced in function "public: __thiscall Background::Background(class sf::Texture *,class sf::Texture *)" (??0Background@@QAE@PAVTexture@sf@@0@Z)
GameObject.obj : error LNK2001: unresolved external symbol "__declspec(dllimport) public: void __thiscall sf::Shape::setTexture(class sf::Texture const *,bool)" (__imp_?setTexture@Shape@sf@@QAEXPBVTexture@2@_N@Z)
MainMenu.obj : error LNK2001: unresolved external symbol "__declspec(dllimport) public: void __thiscall sf::Shape::setTexture(class sf::Texture const *,bool)" (__imp_?setTexture@Shape@sf@@QAEXPBVTexture@2@_N@Z)
UIBtn.obj : error LNK2001: unresolved external symbol "__declspec(dllimport) public: void __thiscall sf::Shape::setTexture(class sf::Texture const *,bool)" (__imp_?setTexture@Shape@sf@@QAEXPBVTexture@2@_N@Z)
Background.obj : error LNK2019: unresolved external symbol "__declspec(dllimport) public: void __thiscall sf::Shape::setTextureRect(class sf::Rect<int> const &)" (__imp_?setTextureRect@Shape@sf@@QAEXABV?$Rect@H@2@@Z) referenced in function "public: __thiscall Background::Background(class sf::Texture *,class sf::Texture *)" (??0Background@@QAE@PAVTexture@sf@@0@Z)
Background.obj : error LNK2019: unresolved external symbol "__declspec(dllimport) public: void __thiscall sf::Texture::setRepeated(bool)" (__imp_?setRepeated@Texture@sf@@QAEX_N@Z) referenced in function "public: __thiscall Background::Background(class sf::Texture *,class sf::Texture *)" (??0Background@@QAE@PAVTexture@sf@@0@Z)
UIBtn.obj : error LNK2001: unresolved external symbol "__declspec(dllimport) public: __thiscall sf::RectangleShape::RectangleShape(class sf::Vector2<float> const &)" (__imp_??0RectangleShape@sf@@QAE@ABV?$Vector2@M@1@@Z)
WinScreen.obj : error LNK2001: unresolved external symbol "__declspec(dllimport) public: __thiscall sf::RectangleShape::RectangleShape(class sf::Vector2<float> const &)" (__imp_??0RectangleShape@sf@@QAE@ABV?$Vector2@M@1@@Z)
Background.obj : error LNK2001: unresolved external symbol "__declspec(dllimport) public: __thiscall sf::RectangleShape::RectangleShape(class sf::Vector2<float> const &)" (__imp_??0RectangleShape@sf@@QAE@ABV?$Vector2@M@1@@Z)
DeadScreen.obj : error LNK2001: unresolved external symbol "__declspec(dllimport) public: __thiscall sf::RectangleShape::RectangleShape(class sf::Vector2<float> const &)" (__imp_??0RectangleShape@sf@@QAE@ABV?$Vector2@M@1@@Z)
GameObject.obj : error LNK2001: unresolved external symbol "__declspec(dllimport) public: __thiscall sf::RectangleShape::RectangleShape(class sf::Vector2<float> const &)" (__imp_??0RectangleShape@sf@@QAE@ABV?$Vector2@M@1@@Z)
MainMenu.obj : error LNK2001: unresolved external symbol "__declspec(dllimport) public: __thiscall sf::RectangleShape::RectangleShape(class sf::Vector2<float> const &)" (__imp_??0RectangleShape@sf@@QAE@ABV?$Vector2@M@1@@Z)
Background.obj : error LNK2019: unresolved external symbol "__declspec(dllimport) public: void __thiscall sf::RectangleShape::setSize(class sf::Vector2<float> const &)" (__imp_?setSize@RectangleShape@sf@@QAEXABV?$Vector2@M@2@@Z) referenced in function "public: __thiscall Background::Background(class sf::Texture *,class sf::Texture *)" (??0Background@@QAE@PAVTexture@sf@@0@Z)
GameObject.obj : error LNK2001: unresolved external symbol "__declspec(dllimport) public: void __thiscall sf::RectangleShape::setSize(class sf::Vector2<float> const &)" (__imp_?setSize@RectangleShape@sf@@QAEXABV?$Vector2@M@2@@Z)
MainMenu.obj : error LNK2001: unresolved external symbol "__declspec(dllimport) public: void __thiscall sf::RectangleShape::setSize(class sf::Vector2<float> const &)" (__imp_?setSize@RectangleShape@sf@@QAEXABV?$Vector2@M@2@@Z)
UIBtn.obj : error LNK2001: unresolved external symbol "__declspec(dllimport) public: void __thiscall sf::RectangleShape::setSize(class sf::Vector2<float> const &)" (__imp_?setSize@RectangleShape@sf@@QAEXABV?$Vector2@M@2@@Z)
UIBtn.obj : error LNK2001: unresolved external symbol "__declspec(dllimport) public: virtual __thiscall sf::RectangleShape::~RectangleShape(void)" (__imp_??1RectangleShape@sf@@UAE@XZ)
WinScreen.obj : error LNK2001: unresolved external symbol "__declspec(dllimport) public: virtual __thiscall sf::RectangleShape::~RectangleShape(void)" (__imp_??1RectangleShape@sf@@UAE@XZ)
Background.obj : error LNK2001: unresolved external symbol "__declspec(dllimport) public: virtual __thiscall sf::RectangleShape::~RectangleShape(void)" (__imp_??1RectangleShape@sf@@UAE@XZ)
DeadScreen.obj : error LNK2001: unresolved external symbol "__declspec(dllimport) public: virtual __thiscall sf::RectangleShape::~RectangleShape(void)" (__imp_??1RectangleShape@sf@@UAE@XZ)
GameObject.obj : error LNK2001: unresolved external symbol "__declspec(dllimport) public: virtual __thiscall sf::RectangleShape::~RectangleShape(void)" (__imp_??1RectangleShape@sf@@UAE@XZ)
MainMenu.obj : error LNK2001: unresolved external symbol "__declspec(dllimport) public: virtual __thiscall sf::RectangleShape::~RectangleShape(void)" (__imp_??1RectangleShape@sf@@UAE@XZ)
Spike.obj : error LNK2001: unresolved external symbol "__declspec(dllimport) public: void __thiscall sf::RenderTarget::draw(class sf::Drawable const &,class sf::RenderStates const &)" (__imp_?draw@RenderTarget@sf@@QAEXABVDrawable@2@ABVRenderStates@2@@Z)
UIBtn.obj : error LNK2001: unresolved external symbol "__declspec(dllimport) public: void __thiscall sf::RenderTarget::draw(class sf::Drawable const &,class sf::RenderStates const &)" (__imp_?draw@RenderTarget@sf@@QAEXABVDrawable@2@ABVRenderStates@2@@Z)
WinScreen.obj : error LNK2001: unresolved external symbol "__declspec(dllimport) public: void __thiscall sf::RenderTarget::draw(class sf::Drawable const &,class sf::RenderStates const &)" (__imp_?draw@RenderTarget@sf@@QAEXABVDrawable@2@ABVRenderStates@2@@Z)
GameObject.obj : error LNK2001: unresolved external symbol "__declspec(dllimport) public: void __thiscall sf::RenderTarget::draw(class sf::Drawable const &,class sf::RenderStates const &)" (__imp_?draw@RenderTarget@sf@@QAEXABVDrawable@2@ABVRenderStates@2@@Z)
Key.obj : error LNK2001: unresolved external symbol "__declspec(dllimport) public: void __thiscall sf::RenderTarget::draw(class sf::Drawable const &,class sf::RenderStates const &)" (__imp_?draw@RenderTarget@sf@@QAEXABVDrawable@2@ABVRenderStates@2@@Z)
MainMenu.obj : error LNK2001: unresolved external symbol "__declspec(dllimport) public: void __thiscall sf::RenderTarget::draw(class sf::Drawable const &,class sf::RenderStates const &)" (__imp_?draw@RenderTarget@sf@@QAEXABVDrawable@2@ABVRenderStates@2@@Z)
Player.obj : error LNK2001: unresolved external symbol "__declspec(dllimport) public: void __thiscall sf::RenderTarget::draw(class sf::Drawable const &,class sf::RenderStates const &)" (__imp_?draw@RenderTarget@sf@@QAEXABVDrawable@2@ABVRenderStates@2@@Z)
Background.obj : error LNK2001: unresolved external symbol "__declspec(dllimport) public: void __thiscall sf::RenderTarget::draw(class sf::Drawable const &,class sf::RenderStates const &)" (__imp_?draw@RenderTarget@sf@@QAEXABVDrawable@2@ABVRenderStates@2@@Z)
DeadScreen.obj : error LNK2001: unresolved external symbol "__declspec(dllimport) public: void __thiscall sf::RenderTarget::draw(class sf::Drawable const &,class sf::RenderStates const &)" (__imp_?draw@RenderTarget@sf@@QAEXABVDrawable@2@ABVRenderStates@2@@Z)
Door.obj : error LNK2001: unresolved external symbol "__declspec(dllimport) public: void __thiscall sf::RenderTarget::draw(class sf::Drawable const &,class sf::RenderStates const &)" (__imp_?draw@RenderTarget@sf@@QAEXABVDrawable@2@ABVRenderStates@2@@Z)
GameManager.obj : error LNK2001: unresolved external symbol "__declspec(dllimport) public: void __thiscall sf::RenderTarget::draw(class sf::Drawable const &,class sf::RenderStates const &)" (__imp_?draw@RenderTarget@sf@@QAEXABVDrawable@2@ABVRenderStates@2@@Z)
UIBtn.obj : error LNK2001: unresolved external symbol "__declspec(dllimport) public: static class sf::RenderStates const sf::RenderStates::Default" (__imp_?Default@RenderStates@sf@@2V12@B)
WinScreen.obj : error LNK2001: unresolved external symbol "__declspec(dllimport) public: static class sf::RenderStates const sf::RenderStates::Default" (__imp_?Default@RenderStates@sf@@2V12@B)
GameObject.obj : error LNK2001: unresolved external symbol "__declspec(dllimport) public: static class sf::RenderStates const sf::RenderStates::Default" (__imp_?Default@RenderStates@sf@@2V12@B)
Key.obj : error LNK2001: unresolved external symbol "__declspec(dllimport) public: static class sf::RenderStates const sf::RenderStates::Default" (__imp_?Default@RenderStates@sf@@2V12@B)
MainMenu.obj : error LNK2001: unresolved external symbol "__declspec(dllimport) public: static class sf::RenderStates const sf::RenderStates::Default" (__imp_?Default@RenderStates@sf@@2V12@B)
Spike.obj : error LNK2001: unresolved external symbol "__declspec(dllimport) public: static class sf::RenderStates const sf::RenderStates::Default" (__imp_?Default@RenderStates@sf@@2V12@B)
Background.obj : error LNK2001: unresolved external symbol "__declspec(dllimport) public: static class sf::RenderStates const sf::RenderStates::Default" (__imp_?Default@RenderStates@sf@@2V12@B)
DeadScreen.obj : error LNK2001: unresolved external symbol "__declspec(dllimport) public: static class sf::RenderStates const sf::RenderStates::Default" (__imp_?Default@RenderStates@sf@@2V12@B)
Door.obj : error LNK2001: unresolved external symbol "__declspec(dllimport) public: static class sf::RenderStates const sf::RenderStates::Default" (__imp_?Default@RenderStates@sf@@2V12@B)
GameManager.obj : error LNK2001: unresolved external symbol "__declspec(dllimport) public: static class sf::RenderStates const sf::RenderStates::Default" (__imp_?Default@RenderStates@sf@@2V12@B)
BoxCollider.obj : error LNK2019: unresolved external symbol "public: __thiscall b2PolygonShape::b2PolygonShape(void)" (??0b2PolygonShape@@QAE@XZ) referenced in function "public: __thiscall BoxCollider::BoxCollider(float,float,float,class b2World &,struct b2Vec2,bool,enum ObjectType)" (??0BoxCollider@@QAE@MMMAAVb2World@@Ub2Vec2@@_NW4ObjectType@@@Z)
Player.obj : error LNK2001: unresolved external symbol "public: __thiscall b2PolygonShape::b2PolygonShape(void)" (??0b2PolygonShape@@QAE@XZ)
BoxCollider.obj : error LNK2019: unresolved external symbol "public: void __thiscall b2PolygonShape::SetAsBox(float,float)" (?SetAsBox@b2PolygonShape@@QAEXMM@Z) referenced in function "public: __thiscall BoxCollider::BoxCollider(float,float,float,class b2World &,struct b2Vec2,bool,enum ObjectType)" (??0BoxCollider@@QAE@MMMAAVb2World@@Ub2Vec2@@_NW4ObjectType@@@Z)
Player.obj : error LNK2001: unresolved external symbol "public: void __thiscall b2PolygonShape::SetAsBox(float,float)" (?SetAsBox@b2PolygonShape@@QAEXMM@Z)
BoxCollider.obj : error LNK2019: unresolved external symbol "public: class b2Fixture * __thiscall b2Body::CreateFixture(struct b2FixtureDef const *)" (?CreateFixture@b2Body@@QAEPAVb2Fixture@@PBUb2FixtureDef@@@Z) referenced in function "public: __thiscall BoxCollider::BoxCollider(float,float,float,class b2World &,struct b2Vec2,bool,enum ObjectType)" (??0BoxCollider@@QAE@MMMAAVb2World@@Ub2Vec2@@_NW4ObjectType@@@Z)
Player.obj : error LNK2001: unresolved external symbol "public: class b2Fixture * __thiscall b2Body::CreateFixture(struct b2FixtureDef const *)" (?CreateFixture@b2Body@@QAEPAVb2Fixture@@PBUb2FixtureDef@@@Z)
BoxCollider.obj : error LNK2019: unresolved external symbol "public: class b2Body * __thiscall b2World::CreateBody(struct b2BodyDef const *)" (?CreateBody@b2World@@QAEPAVb2Body@@PBUb2BodyDef@@@Z) referenced in function "public: __thiscall BoxCollider::BoxCollider(float,float,float,class b2World &,struct b2Vec2,bool,enum ObjectType)" (??0BoxCollider@@QAE@MMMAAVb2World@@Ub2Vec2@@_NW4ObjectType@@@Z)
Player.obj : error LNK2001: unresolved external symbol "public: class b2Body * __thiscall b2World::CreateBody(struct b2BodyDef const *)" (?CreateBody@b2World@@QAEPAVb2Body@@PBUb2BodyDef@@@Z)
BoxCollider.obj : error LNK2019: unresolved external symbol "public: void __thiscall b2World::DestroyBody(class b2Body *)" (?DestroyBody@b2World@@QAEXPAVb2Body@@@Z) referenced in function "public: __thiscall BoxCollider::~BoxCollider(void)" (??1BoxCollider@@QAE@XZ)
Player.obj : error LNK2001: unresolved external symbol "public: void __thiscall b2World::DestroyBody(class b2Body *)" (?DestroyBody@b2World@@QAEXPAVb2Body@@@Z)
DeadScreen.obj : error LNK2019: unresolved external symbol "__declspec(dllimport) public: static class sf::Vector2<int> __cdecl sf::Mouse::getPosition(class sf::WindowBase const &)" (__imp_?getPosition@Mouse@sf@@SA?AV?$Vector2@H@2@ABVWindowBase@2@@Z) referenced in function "public: void __thiscall DeadScreen::Update(class sf::RenderWindow &)" (?Update@DeadScreen@@QAEXAAVRenderWindow@sf@@@Z)
WinScreen.obj : error LNK2001: unresolved external symbol "__declspec(dllimport) public: static class sf::Vector2<int> __cdecl sf::Mouse::getPosition(class sf::WindowBase const &)" (__imp_?getPosition@Mouse@sf@@SA?AV?$Vector2@H@2@ABVWindowBase@2@@Z)
DeadScreen.obj : error LNK2019: unresolved external symbol "__declspec(dllimport) public: void __thiscall sf::Transformable::setPosition(float,float)" (__imp_?setPosition@Transformable@sf@@QAEXMM@Z) referenced in function "public: void __thiscall DeadScreen::Draw(class sf::RenderWindow &)" (?Draw@DeadScreen@@QAEXAAVRenderWindow@sf@@@Z)
WinScreen.obj : error LNK2001: unresolved external symbol "__declspec(dllimport) public: void __thiscall sf::Transformable::setPosition(float,float)" (__imp_?setPosition@Transformable@sf@@QAEXMM@Z)
WinScreen.obj : error LNK2019: unresolved external symbol "__declspec(dllimport) public: __thiscall sf::Color::Color(unsigned char,unsigned char,unsigned char,unsigned char)" (__imp_??0Color@sf@@QAE@EEEE@Z) referenced in function "public: void __thiscall WinScreen::Draw(class sf::RenderWindow &)" (?Draw@WinScreen@@QAEXAAVRenderWindow@sf@@@Z)
DeadScreen.obj : error LNK2001: unresolved external symbol "__declspec(dllimport) public: __thiscall sf::Color::Color(unsigned char,unsigned char,unsigned char,unsigned char)" (__imp_??0Color@sf@@QAE@EEEE@Z)
GameManager.obj : error LNK2001: unresolved external symbol "__declspec(dllimport) public: __thiscall sf::Color::Color(unsigned char,unsigned char,unsigned char,unsigned char)" (__imp_??0Color@sf@@QAE@EEEE@Z)
GameObject.obj : error LNK2001: unresolved external symbol "__declspec(dllimport) public: __thiscall sf::Color::Color(unsigned char,unsigned char,unsigned char,unsigned char)" (__imp_??0Color@sf@@QAE@EEEE@Z)
UIBtn.obj : error LNK2001: unresolved external symbol "__declspec(dllimport) public: __thiscall sf::Color::Color(unsigned char,unsigned char,unsigned char,unsigned char)" (__imp_??0Color@sf@@QAE@EEEE@Z)
DeadScreen.obj : error LNK2019: unresolved external symbol "__declspec(dllimport) public: void __thiscall sf::Shape::setFillColor(class sf::Color const &)" (__imp_?setFillColor@Shape@sf@@QAEXABVColor@2@@Z) referenced in function "public: void __thiscall DeadScreen::Draw(class sf::RenderWindow &)" (?Draw@DeadScreen@@QAEXAAVRenderWindow@sf@@@Z)
GameObject.obj : error LNK2001: unresolved external symbol "__declspec(dllimport) public: void __thiscall sf::Shape::setFillColor(class sf::Color const &)" (__imp_?setFillColor@Shape@sf@@QAEXABVColor@2@@Z)
UIBtn.obj : error LNK2001: unresolved external symbol "__declspec(dllimport) public: void __thiscall sf::Shape::setFillColor(class sf::Color const &)" (__imp_?setFillColor@Shape@sf@@QAEXABVColor@2@@Z)
WinScreen.obj : error LNK2001: unresolved external symbol "__declspec(dllimport) public: void __thiscall sf::Shape::setFillColor(class sf::Color const &)" (__imp_?setFillColor@Shape@sf@@QAEXABVColor@2@@Z)
SpriteLoader.obj : error LNK2001: unresolved external symbol "__declspec(dllimport) public: __thiscall sf::Texture::Texture(void)" (__imp_??0Texture@sf@@QAE@XZ)
WinScreen.obj : error LNK2001: unresolved external symbol "__declspec(dllimport) public: __thiscall sf::Texture::Texture(void)" (__imp_??0Texture@sf@@QAE@XZ)
DeadScreen.obj : error LNK2001: unresolved external symbol "__declspec(dllimport) public: __thiscall sf::Texture::Texture(void)" (__imp_??0Texture@sf@@QAE@XZ)
Door.obj : error LNK2001: unresolved external symbol "__declspec(dllimport) public: __thiscall sf::Texture::Texture(void)" (__imp_??0Texture@sf@@QAE@XZ)
Key.obj : error LNK2001: unresolved external symbol "__declspec(dllimport) public: __thiscall sf::Texture::Texture(void)" (__imp_??0Texture@sf@@QAE@XZ)
Spike.obj : error LNK2001: unresolved external symbol "__declspec(dllimport) public: __thiscall sf::Texture::Texture(void)" (__imp_??0Texture@sf@@QAE@XZ)
DeadScreen.obj : error LNK2019: unresolved external symbol "__declspec(dllimport) public: __thiscall sf::Texture::~Texture(void)" (__imp_??1Texture@sf@@QAE@XZ) referenced in function __unwindfunclet$??0DeadScreen@@QAE@AAVWindow@sf@@@Z$1
SpriteLoader.obj : error LNK2001: unresolved external symbol "__declspec(dllimport) public: __thiscall sf::Texture::~Texture(void)" (__imp_??1Texture@sf@@QAE@XZ)
WinScreen.obj : error LNK2001: unresolved external symbol "__declspec(dllimport) public: __thiscall sf::Texture::~Texture(void)" (__imp_??1Texture@sf@@QAE@XZ)
DeadScreen.obj : error LNK2019: unresolved external symbol "__declspec(dllimport) public: bool __thiscall sf::Texture::loadFromFile(class std::basic_string<char,struct std::char_traits<char>,class std::allocator<char> > const &,class sf::Rect<int> const &)" (__imp_?loadFromFile@Texture@sf@@QAE_NABV?$basic_string@DU?$char_traits@D@std@@V?$allocator@D@2@@std@@ABV?$Rect@H@2@@Z) referenced in function "public: __thiscall DeadScreen::DeadScreen(class sf::Window &)" (??0DeadScreen@@QAE@AAVWindow@sf@@@Z)
SpriteLoader.obj : error LNK2001: unresolved external symbol "__declspec(dllimport) public: bool __thiscall sf::Texture::loadFromFile(class std::basic_string<char,struct std::char_traits<char>,class std::allocator<char> > const &,class sf::Rect<int> const &)" (__imp_?loadFromFile@Texture@sf@@QAE_NABV?$basic_string@DU?$char_traits@D@std@@V?$allocator@D@2@@std@@ABV?$Rect@H@2@@Z)
WinScreen.obj : error LNK2001: unresolved external symbol "__declspec(dllimport) public: bool __thiscall sf::Texture::loadFromFile(class std::basic_string<char,struct std::char_traits<char>,class std::allocator<char> > const &,class sf::Rect<int> const &)" (__imp_?loadFromFile@Texture@sf@@QAE_NABV?$basic_string@DU?$char_traits@D@std@@V?$allocator@D@2@@std@@ABV?$Rect@H@2@@Z)
DeadScreen.obj : error LNK2019: unresolved external symbol "__declspec(dllimport) public: class sf::RectangleShape & __thiscall sf::RectangleShape::operator=(class sf::RectangleShape &&)" (__imp_??4RectangleShape@sf@@QAEAAV01@$$QAV01@@Z) referenced in function "public: class UIBtn & __thiscall UIBtn::operator=(class UIBtn &&)" (??4UIBtn@@QAEAAV0@$$QAV0@@Z)
WinScreen.obj : error LNK2001: unresolved external symbol "__declspec(dllimport) public: class sf::RectangleShape & __thiscall sf::RectangleShape::operator=(class sf::RectangleShape &&)" (__imp_??4RectangleShape@sf@@QAEAAV01@$$QAV01@@Z)
DeadScreen.obj : error LNK2019: unresolved external symbol "__declspec(dllimport) public: class sf::Vector2<float> __thiscall sf::RenderTarget::mapPixelToCoords(class sf::Vector2<int> const &)const " (__imp_?mapPixelToCoords@RenderTarget@sf@@QBE?AV?$Vector2@M@2@ABV?$Vector2@H@2@@Z) referenced in function "public: void __thiscall DeadScreen::Update(class sf::RenderWindow &)" (?Update@DeadScreen@@QAEXAAVRenderWindow@sf@@@Z)
WinScreen.obj : error LNK2001: unresolved external symbol "__declspec(dllimport) public: class sf::Vector2<float> __thiscall sf::RenderTarget::mapPixelToCoords(class sf::Vector2<int> const &)const " (__imp_?mapPixelToCoords@RenderTarget@sf@@QBE?AV?$Vector2@M@2@ABV?$Vector2@H@2@@Z)
Door.obj : error LNK2019: unresolved external symbol "__declspec(dllimport) public: void __thiscall sf::Transformable::setScale(float,float)" (__imp_?setScale@Transformable@sf@@QAEXMM@Z) referenced in function "public: __thiscall Door::Door(class b2World &,struct b2Vec2)" (??0Door@@QAE@AAVb2World@@Ub2Vec2@@@Z)
Key.obj : error LNK2001: unresolved external symbol "__declspec(dllimport) public: void __thiscall sf::Transformable::setScale(float,float)" (__imp_?setScale@Transformable@sf@@QAEXMM@Z)
Player.obj : error LNK2001: unresolved external symbol "__declspec(dllimport) public: void __thiscall sf::Transformable::setScale(float,float)" (__imp_?setScale@Transformable@sf@@QAEXMM@Z)
Door.obj : error LNK2019: unresolved external symbol "__declspec(dllimport) public: void __thiscall sf::Transformable::setOrigin(float,float)" (__imp_?setOrigin@Transformable@sf@@QAEXMM@Z) referenced in function "public: __thiscall Door::Door(class b2World &,struct b2Vec2)" (??0Door@@QAE@AAVb2World@@Ub2Vec2@@@Z)
Key.obj : error LNK2001: unresolved external symbol "__declspec(dllimport) public: void __thiscall sf::Transformable::setOrigin(float,float)" (__imp_?setOrigin@Transformable@sf@@QAEXMM@Z)
Player.obj : error LNK2001: unresolved external symbol "__declspec(dllimport) public: void __thiscall sf::Transformable::setOrigin(float,float)" (__imp_?setOrigin@Transformable@sf@@QAEXMM@Z)
Spike.obj : error LNK2001: unresolved external symbol "__declspec(dllimport) public: void __thiscall sf::Transformable::setOrigin(float,float)" (__imp_?setOrigin@Transformable@sf@@QAEXMM@Z)
Door.obj : error LNK2019: unresolved external symbol "__declspec(dllimport) public: __thiscall sf::Sprite::Sprite(void)" (__imp_??0Sprite@sf@@QAE@XZ) referenced in function "public: __thiscall Door::Door(class b2World &,struct b2Vec2)" (??0Door@@QAE@AAVb2World@@Ub2Vec2@@@Z)
Key.obj : error LNK2001: unresolved external symbol "__declspec(dllimport) public: __thiscall sf::Sprite::Sprite(void)" (__imp_??0Sprite@sf@@QAE@XZ)
Player.obj : error LNK2001: unresolved external symbol "__declspec(dllimport) public: __thiscall sf::Sprite::Sprite(void)" (__imp_??0Sprite@sf@@QAE@XZ)
Spike.obj : error LNK2001: unresolved external symbol "__declspec(dllimport) public: __thiscall sf::Sprite::Sprite(void)" (__imp_??0Sprite@sf@@QAE@XZ)
Door.obj : error LNK2019: unresolved external symbol "__declspec(dllimport) public: void __thiscall sf::Sprite::setTexture(class sf::Texture const &,bool)" (__imp_?setTexture@Sprite@sf@@QAEXABVTexture@2@_N@Z) referenced in function "public: __thiscall Door::Door(class b2World &,struct b2Vec2)" (??0Door@@QAE@AAVb2World@@Ub2Vec2@@@Z)
Key.obj : error LNK2001: unresolved external symbol "__declspec(dllimport) public: void __thiscall sf::Sprite::setTexture(class sf::Texture const &,bool)" (__imp_?setTexture@Sprite@sf@@QAEXABVTexture@2@_N@Z)
Player.obj : error LNK2001: unresolved external symbol "__declspec(dllimport) public: void __thiscall sf::Sprite::setTexture(class sf::Texture const &,bool)" (__imp_?setTexture@Sprite@sf@@QAEXABVTexture@2@_N@Z)
Spike.obj : error LNK2001: unresolved external symbol "__declspec(dllimport) public: void __thiscall sf::Sprite::setTexture(class sf::Texture const &,bool)" (__imp_?setTexture@Sprite@sf@@QAEXABVTexture@2@_N@Z)
Level_Lava.obj : error LNK2001: unresolved external symbol "__declspec(dllimport) public: virtual __thiscall sf::Sprite::~Sprite(void)" (__imp_??1Sprite@sf@@UAE@XZ)
Level_Rock.obj : error LNK2001: unresolved external symbol "__declspec(dllimport) public: virtual __thiscall sf::Sprite::~Sprite(void)" (__imp_??1Sprite@sf@@UAE@XZ)
Player.obj : error LNK2001: unresolved external symbol "__declspec(dllimport) public: virtual __thiscall sf::Sprite::~Sprite(void)" (__imp_??1Sprite@sf@@UAE@XZ)
Spike.obj : error LNK2001: unresolved external symbol "__declspec(dllimport) public: virtual __thiscall sf::Sprite::~Sprite(void)" (__imp_??1Sprite@sf@@UAE@XZ)
Door.obj : error LNK2001: unresolved external symbol "__declspec(dllimport) public: virtual __thiscall sf::Sprite::~Sprite(void)" (__imp_??1Sprite@sf@@UAE@XZ)
Key.obj : error LNK2001: unresolved external symbol "__declspec(dllimport) public: virtual __thiscall sf::Sprite::~Sprite(void)" (__imp_??1Sprite@sf@@UAE@XZ)
Level.obj : error LNK2001: unresolved external symbol "__declspec(dllimport) public: virtual __thiscall sf::Sprite::~Sprite(void)" (__imp_??1Sprite@sf@@UAE@XZ)
Level_Forest.obj : error LNK2001: unresolved external symbol "__declspec(dllimport) public: virtual __thiscall sf::Sprite::~Sprite(void)" (__imp_??1Sprite@sf@@UAE@XZ)
GameManager.obj : error LNK2019: unresolved external symbol "__declspec(dllimport) public: float __thiscall sf::Time::asSeconds(void)const " (__imp_?asSeconds@Time@sf@@QBEMXZ) referenced in function "private: void __thiscall GameManager::Update(void)" (?Update@GameManager@@AAEXXZ)
Level.obj : error LNK2001: unresolved external symbol "__declspec(dllimport) public: float __thiscall sf::Time::asSeconds(void)const " (__imp_?asSeconds@Time@sf@@QBEMXZ)
GameManager.obj : error LNK2019: unresolved external symbol "__declspec(dllimport) public: __thiscall sf::Clock::Clock(void)" (__imp_??0Clock@sf@@QAE@XZ) referenced in function "public: __thiscall GameManager::GameManager(void)" (??0GameManager@@QAE@XZ)
GameManager.obj : error LNK2019: unresolved external symbol "__declspec(dllimport) public: class sf::Time __thiscall sf::Clock::getElapsedTime(void)const " (__imp_?getElapsedTime@Clock@sf@@QBE?AVTime@2@XZ) referenced in function "private: void __thiscall GameManager::Update(void)" (?Update@GameManager@@AAEXXZ)
Level.obj : error LNK2001: unresolved external symbol "__declspec(dllimport) public: class sf::Time __thiscall sf::Clock::getElapsedTime(void)const " (__imp_?getElapsedTime@Clock@sf@@QBE?AVTime@2@XZ)
GameManager.obj : error LNK2019: unresolved external symbol "__declspec(dllimport) public: class sf::Time __thiscall sf::Clock::restart(void)" (__imp_?restart@Clock@sf@@QAE?AVTime@2@XZ) referenced in function "private: void __thiscall GameManager::RestartLevel(void)" (?RestartLevel@GameManager@@AAEXXZ)
Level.obj : error LNK2001: unresolved external symbol "__declspec(dllimport) public: class sf::Time __thiscall sf::Clock::restart(void)" (__imp_?restart@Clock@sf@@QAE?AVTime@2@XZ)
GameManager.obj : error LNK2019: unresolved external symbol "__declspec(dllimport) public: __thiscall sf::String::String(char const *,class std::locale const &)" (__imp_??0String@sf@@QAE@PBDABVlocale@std@@@Z) referenced in function "public: __thiscall GameManager::GameManager(void)" (??0GameManager@@QAE@XZ)
GameManager.obj : error LNK2019: unresolved external symbol "__declspec(dllimport) public: __thiscall sf::String::~String(void)" (__imp_??1String@sf@@QAE@XZ) referenced in function "public: __thiscall GameManager::GameManager(void)" (??0GameManager@@QAE@XZ)
GameManager.obj : error LNK2019: unresolved external symbol "__declspec(dllimport) public: static bool __cdecl sf::Keyboard::isKeyPressed(enum sf::Keyboard::Key)" (__imp_?isKeyPressed@Keyboard@sf@@SA_NW4Key@12@@Z) referenced in function "private: void __thiscall GameManager::HandleInput(void)" (?HandleInput@GameManager@@AAEXXZ)
GameManager.obj : error LNK2019: unresolved external symbol "__declspec(dllimport) public: __thiscall sf::VideoMode::VideoMode(unsigned int,unsigned int,unsigned int)" (__imp_??0VideoMode@sf@@QAE@III@Z) referenced in function "public: __thiscall GameManager::GameManager(void)" (??0GameManager@@QAE@XZ)
GameManager.obj : error LNK2019: unresolved external symbol "__declspec(dllimport) public: bool __thiscall sf::WindowBase::isOpen(void)const " (__imp_?isOpen@WindowBase@sf@@QBE_NXZ) referenced in function "public: void __thiscall GameManager::Run(void)" (?Run@GameManager@@QAEXXZ)
GameManager.obj : error LNK2019: unresolved external symbol "__declspec(dllimport) public: bool __thiscall sf::WindowBase::pollEvent(class sf::Event &)" (__imp_?pollEvent@WindowBase@sf@@QAE_NAAVEvent@2@@Z) referenced in function "private: void __thiscall GameManager::HandleInput(void)" (?HandleInput@GameManager@@AAEXXZ)
GameManager.obj : error LNK2019: unresolved external symbol "__declspec(dllimport) public: void __thiscall sf::WindowBase::setIcon(unsigned int,unsigned int,unsigned char const *)" (__imp_?setIcon@WindowBase@sf@@QAEXIIPBE@Z) referenced in function "public: __thiscall GameManager::GameManager(void)" (??0GameManager@@QAE@XZ)
GameManager.obj : error LNK2019: unresolved external symbol "__declspec(dllimport) public: void __thiscall sf::Window::setFramerateLimit(unsigned int)" (__imp_?setFramerateLimit@Window@sf@@QAEXI@Z) referenced in function "public: __thiscall GameManager::GameManager(void)" (??0GameManager@@QAE@XZ)
GameManager.obj : error LNK2019: unresolved external symbol "__declspec(dllimport) public: void __thiscall sf::Window::display(void)" (__imp_?display@Window@sf@@QAEXXZ) referenced in function "private: void __thiscall GameManager::Draw(void)" (?Draw@GameManager@@AAEXXZ)
GameManager.obj : error LNK2019: unresolved external symbol "__declspec(dllimport) public: __thiscall sf::Image::Image(void)" (__imp_??0Image@sf@@QAE@XZ) referenced in function "public: __thiscall GameManager::GameManager(void)" (??0GameManager@@QAE@XZ)
GameManager.obj : error LNK2019: unresolved external symbol "__declspec(dllimport) public: bool __thiscall sf::Image::loadFromFile(class std::basic_string<char,struct std::char_traits<char>,class std::allocator<char> > const &)" (__imp_?loadFromFile@Image@sf@@QAE_NABV?$basic_string@DU?$char_traits@D@std@@V?$allocator@D@2@@std@@@Z) referenced in function "public: __thiscall GameManager::GameManager(void)" (??0GameManager@@QAE@XZ)
GameManager.obj : error LNK2019: unresolved external symbol "__declspec(dllimport) public: class sf::Vector2<unsigned int> __thiscall sf::Image::getSize(void)const " (__imp_?getSize@Image@sf@@QBE?AV?$Vector2@I@2@XZ) referenced in function "public: __thiscall GameManager::GameManager(void)" (??0GameManager@@QAE@XZ)
GameManager.obj : error LNK2019: unresolved external symbol "__declspec(dllimport) public: unsigned char const * __thiscall sf::Image::getPixelsPtr(void)const " (__imp_?getPixelsPtr@Image@sf@@QBEPBEXZ) referenced in function "public: __thiscall GameManager::GameManager(void)" (??0GameManager@@QAE@XZ)
GameManager.obj : error LNK2019: unresolved external symbol "__declspec(dllimport) public: void __thiscall sf::RenderTarget::clear(class sf::Color const &)" (__imp_?clear@RenderTarget@sf@@QAEXABVColor@2@@Z) referenced in function "private: void __thiscall GameManager::Draw(void)" (?Draw@GameManager@@AAEXXZ)
GameManager.obj : error LNK2019: unresolved external symbol "__declspec(dllimport) public: __thiscall sf::RenderWindow::RenderWindow(class sf::VideoMode,class sf::String const &,unsigned int,struct sf::ContextSettings const &)" (__imp_??0RenderWindow@sf@@QAE@VVideoMode@1@ABVString@1@IABUContextSettings@1@@Z) referenced in function "public: __thiscall GameManager::GameManager(void)" (??0GameManager@@QAE@XZ)
GameManager.obj : error LNK2019: unresolved external symbol "__declspec(dllimport) public: virtual __thiscall sf::RenderWindow::~RenderWindow(void)" (__imp_??1RenderWindow@sf@@UAE@XZ) referenced in function __unwindfunclet$??0GameManager@@QAE@XZ$2
GameManager.obj : error LNK2019: unresolved external symbol "public: __thiscall b2World::b2World(struct b2Vec2 const &)" (??0b2World@@QAE@ABUb2Vec2@@@Z) referenced in function "class std::unique_ptr<class b2World,struct std::default_delete<class b2World> > __cdecl std::make_unique<class b2World,struct b2Vec2,0>(struct b2Vec2 &&)" (??$make_unique@Vb2World@@Ub2Vec2@@$0A@@std@@YA?AV?$unique_ptr@Vb2World@@U?$default_delete@Vb2World@@@std@@@0@$$QAUb2Vec2@@@Z)
GameManager.obj : error LNK2019: unresolved external symbol "public: __thiscall b2World::~b2World(void)" (??1b2World@@QAE@XZ) referenced in function "public: void * __thiscall b2World::`scalar deleting destructor'(unsigned int)" (??_Gb2World@@QAEPAXI@Z)
GameManager.obj : error LNK2019: unresolved external symbol "public: void __thiscall b2World::SetContactListener(class b2ContactListener *)" (?SetContactListener@b2World@@QAEXPAVb2ContactListener@@@Z) referenced in function "public: __thiscall GameManager::GameManager(void)" (??0GameManager@@QAE@XZ)
GameManager.obj : error LNK2019: unresolved external symbol "public: void __thiscall b2World::Step(float,int,int)" (?Step@b2World@@QAEXMHH@Z) referenced in function "private: void __thiscall GameManager::Update(void)" (?Update@GameManager@@AAEXXZ)
Key.obj : error LNK2019: unresolved external symbol "__declspec(dllimport) public: class sf::Vector2<float> const & __thiscall sf::Transformable::getPosition(void)const " (__imp_?getPosition@Transformable@sf@@QBEABV?$Vector2@M@2@XZ) referenced in function "public: void __thiscall Key::Update(float)" (?Update@Key@@QAEXM@Z)
Key.obj : error LNK2019: unresolved external symbol "__declspec(dllimport) public: void __thiscall sf::Sprite::setTextureRect(class sf::Rect<int> const &)" (__imp_?setTextureRect@Sprite@sf@@QAEXABV?$Rect@H@2@@Z) referenced in function "public: void __thiscall Key::UpdateAnimation(float)" (?UpdateAnimation@Key@@QAEXM@Z)
Player.obj : error LNK2001: unresolved external symbol "__declspec(dllimport) public: void __thiscall sf::Sprite::setTextureRect(class sf::Rect<int> const &)" (__imp_?setTextureRect@Sprite@sf@@QAEXABV?$Rect@H@2@@Z)
Level.obj : error LNK2001: unresolved external symbol "struct b2Vec2 const b2Vec2_zero" (?b2Vec2_zero@@3Ub2Vec2@@B)
Player.obj : error LNK2019: unresolved external symbol "__declspec(dllimport) public: virtual __thiscall sf::Drawable::~Drawable(void)" (__imp_??1Drawable@sf@@UAE@XZ) referenced in function __unwindfunclet$??0Player@@QAE@AAVb2World@@Ub2Vec2@@@Z$0
Player.obj : error LNK2019: unresolved external symbol "__declspec(dllimport) public: __thiscall sf::Drawable::Drawable(void)" (__imp_??0Drawable@sf@@QAE@XZ) referenced in function "public: __thiscall Player::Player(class b2World &,struct b2Vec2)" (??0Player@@QAE@AAVb2World@@Ub2Vec2@@@Z)
Player.obj : error LNK2019: unresolved external symbol "__declspec(dllimport) public: class sf::Vector2<float> const & __thiscall sf::Transformable::getScale(void)const " (__imp_?getScale@Transformable@sf@@QBEABV?$Vector2@M@2@XZ) referenced in function "public: void __thiscall Player::UpdateAnimation(float,enum Direction)" (?UpdateAnimation@Player@@QAEXMW4Direction@@@Z)
Player.obj : error LNK2019: unresolved external symbol "public: void __thiscall b2PolygonShape::SetAsBox(float,float,struct b2Vec2 const &,float)" (?SetAsBox@b2PolygonShape@@QAEXMMABUb2Vec2@@M@Z) referenced in function "public: void __thiscall Player::SetFixture(void)" (?SetFixture@Player@@QAEXXZ)
Rotator.obj : error LNK2019: unresolved external symbol "public: void __thiscall b2Body::SetTransform(struct b2Vec2 const &,float)" (?SetTransform@b2Body@@QAEXABUb2Vec2@@M@Z) referenced in function "public: void __thiscall Rotator::RotateDoor(class std::unique_ptr<class Door,struct std::default_delete<class Door> > &,float)" (?RotateDoor@Rotator@@QAEXAAV?$unique_ptr@VDoor@@U?$default_delete@VDoor@@@std@@@std@@M@Z)
SoundManager.obj : error LNK2019: unresolved external symbol "__declspec(dllimport) public: void __thiscall sf::SoundSource::setVolume(float)" (__imp_?setVolume@SoundSource@sf@@QAEXM@Z) referenced in function "public: bool __thiscall SoundManager::LoadSound(class std::basic_string<char,struct std::char_traits<char>,class std::allocator<char> > const &,class std::basic_string<char,struct std::char_traits<char>,class std::allocator<char> > const &)" (?LoadSound@SoundManager@@QAE_NABV?$basic_string@DU?$char_traits@D@std@@V?$allocator@D@2@@std@@0@Z)
SoundManager.obj : error LNK2019: unresolved external symbol "__declspec(dllimport) public: __thiscall sf::Sound::Sound(void)" (__imp_??0Sound@sf@@QAE@XZ) referenced in function "private: __thiscall std::pair<class std::basic_string<char,struct std::char_traits<char>,class std::allocator<char> > const ,class sf::Sound>::pair<class std::basic_string<char,struct std::char_traits<char>,class std::allocator<char> > const ,class sf::Sound><class std::tuple<class std::basic_string<char,struct std::char_traits<char>,class std::allocator<char> > const &>,class std::tuple<>,0>(class std::tuple<class std::basic_string<char,struct std::char_traits<char>,class std::allocator<char> > const &> &,class std::tuple<> &,struct std::integer_sequence<unsigned int,0>,struct std::integer_sequence<unsigned int>)" (??$?0V?$tuple@ABV?$basic_string@DU?$char_traits@D@std@@V?$allocator@D@2@@std@@@std@@V?$tuple@$$V@1@$0A@$$Z$S@?$pair@$$CBV?$basic_string@DU?$char_traits@D@std@@V?$allocator@D@2@@std@@VSound@sf@@@std@@AAE@AAV?$tuple@ABV?$basic_string@DU?$char_traits@D@std@@V?$allocator@D@2@@std@@@1@AAV?$tuple@$$V@1@U?$integer_sequence@I$0A@@1@U?$integer_sequence@I$S@1@@Z)
SoundManager.obj : error LNK2019: unresolved external symbol "__declspec(dllimport) public: virtual __thiscall sf::Sound::~Sound(void)" (__imp_??1Sound@sf@@UAE@XZ) referenced in function "public: __thiscall std::pair<class std::basic_string<char,struct std::char_traits<char>,class std::allocator<char> > const ,class sf::Sound>::~pair<class std::basic_string<char,struct std::char_traits<char>,class std::allocator<char> > const ,class sf::Sound>(void)" (??1?$pair@$$CBV?$basic_string@DU?$char_traits@D@std@@V?$allocator@D@2@@std@@VSound@sf@@@std@@QAE@XZ)
SoundManager.obj : error LNK2019: unresolved external symbol "__declspec(dllimport) public: void __thiscall sf::Sound::setBuffer(class sf::SoundBuffer const &)" (__imp_?setBuffer@Sound@sf@@QAEXABVSoundBuffer@2@@Z) referenced in function "public: bool __thiscall SoundManager::LoadSound(class std::basic_string<char,struct std::char_traits<char>,class std::allocator<char> > const &,class std::basic_string<char,struct std::char_traits<char>,class std::allocator<char> > const &)" (?LoadSound@SoundManager@@QAE_NABV?$basic_string@DU?$char_traits@D@std@@V?$allocator@D@2@@std@@0@Z)
SoundManager.obj : error LNK2019: unresolved external symbol "__declspec(dllimport) public: class sf::Sound & __thiscall sf::Sound::operator=(class sf::Sound const &)" (__imp_??4Sound@sf@@QAEAAV01@ABV01@@Z) referenced in function "public: bool __thiscall SoundManager::LoadSound(class std::basic_string<char,struct std::char_traits<char>,class std::allocator<char> > const &,class std::basic_string<char,struct std::char_traits<char>,class std::allocator<char> > const &)" (?LoadSound@SoundManager@@QAE_NABV?$basic_string@DU?$char_traits@D@std@@V?$allocator@D@2@@std@@0@Z)
SoundManager.obj : error LNK2019: unresolved external symbol "__declspec(dllimport) public: __thiscall sf::SoundBuffer::SoundBuffer(void)" (__imp_??0SoundBuffer@sf@@QAE@XZ) referenced in function "private: __thiscall std::pair<class std::basic_string<char,struct std::char_traits<char>,class std::allocator<char> > const ,class sf::SoundBuffer>::pair<class std::basic_string<char,struct std::char_traits<char>,class std::allocator<char> > const ,class sf::SoundBuffer><class std::tuple<class std::basic_string<char,struct std::char_traits<char>,class std::allocator<char> > const &>,class std::tuple<>,0>(class std::tuple<class std::basic_string<char,struct std::char_traits<char>,class std::allocator<char> > const &> &,class std::tuple<> &,struct std::integer_sequence<unsigned int,0>,struct std::integer_sequence<unsigned int>)" (??$?0V?$tuple@ABV?$basic_string@DU?$char_traits@D@std@@V?$allocator@D@2@@std@@@std@@V?$tuple@$$V@1@$0A@$$Z$S@?$pair@$$CBV?$basic_string@DU?$char_traits@D@std@@V?$allocator@D@2@@std@@VSoundBuffer@sf@@@std@@AAE@AAV?$tuple@ABV?$basic_string@DU?$char_traits@D@std@@V?$allocator@D@2@@std@@@1@AAV?$tuple@$$V@1@U?$integer_sequence@I$0A@@1@U?$integer_sequence@I$S@1@@Z)
SoundManager.obj : error LNK2019: unresolved external symbol "__declspec(dllimport) public: __thiscall sf::SoundBuffer::~SoundBuffer(void)" (__imp_??1SoundBuffer@sf@@QAE@XZ) referenced in function "public: __thiscall std::pair<class std::basic_string<char,struct std::char_traits<char>,class std::allocator<char> > const ,class sf::SoundBuffer>::~pair<class std::basic_string<char,struct std::char_traits<char>,class std::allocator<char> > const ,class sf::SoundBuffer>(void)" (??1?$pair@$$CBV?$basic_string@DU?$char_traits@D@std@@V?$allocator@D@2@@std@@VSoundBuffer@sf@@@std@@QAE@XZ)
SoundManager.obj : error LNK2019: unresolved external symbol "__declspec(dllimport) public: bool __thiscall sf::SoundBuffer::loadFromFile(class std::basic_string<char,struct std::char_traits<char>,class std::allocator<char> > const &)" (__imp_?loadFromFile@SoundBuffer@sf@@QAE_NABV?$basic_string@DU?$char_traits@D@std@@V?$allocator@D@2@@std@@@Z) referenced in function "public: bool __thiscall SoundManager::LoadSound(class std::basic_string<char,struct std::char_traits<char>,class std::allocator<char> > const &,class std::basic_string<char,struct std::char_traits<char>,class std::allocator<char> > const &)" (?LoadSound@SoundManager@@QAE_NABV?$basic_string@DU?$char_traits@D@std@@V?$allocator@D@2@@std@@0@Z)
SoundManager.obj : error LNK2019: unresolved external symbol "__declspec(dllimport) public: class sf::SoundBuffer & __thiscall sf::SoundBuffer::operator=(class sf::SoundBuffer const &)" (__imp_??4SoundBuffer@sf@@QAEAAV01@ABV01@@Z) referenced in function "public: bool __thiscall SoundManager::LoadSound(class std::basic_string<char,struct std::char_traits<char>,class std::allocator<char> > const &,class std::basic_string<char,struct std::char_traits<char>,class std::allocator<char> > const &)" (?LoadSound@SoundManager@@QAE_NABV?$basic_string@DU?$char_traits@D@std@@V?$allocator@D@2@@std@@0@Z)
UIBtn.obj : error LNK2019: unresolved external symbol "__declspec(dllimport) public: static bool __cdecl sf::Mouse::isButtonPressed(enum sf::Mouse::Button)" (__imp_?isButtonPressed@Mouse@sf@@SA_NW4Button@12@@Z) referenced in function "public: void __thiscall UIBtn::OnClick(class sf::Vector2<float>)" (?OnClick@UIBtn@@QAEXV?$Vector2@M@sf@@@Z)
UIBtn.obj : error LNK2019: unresolved external symbol "__declspec(dllimport) public: class sf::Rect<float> __thiscall sf::Shape::getGlobalBounds(void)const " (__imp_?getGlobalBounds@Shape@sf@@QBE?AV?$Rect@M@2@XZ) referenced in function "public: void __thiscall UIBtn::OnClick(class sf::Vector2<float>)" (?OnClick@UIBtn@@QAEXV?$Vector2@M@sf@@@Z)
D:\ITI\Game Programming Intake 46\Mini Jam\Mini-Jam\SFML\lib\sfml-audio-d.lib : warning LNK4272: library machine type 'x64' conflicts with target machine type 'x86'
D:\ITI\Game Programming Intake 46\Mini Jam\Mini-Jam\SFML\lib\sfml-window-d.lib : warning LNK4272: library machine type 'x64' conflicts with target machine type 'x86'
D:\ITI\Game Programming Intake 46\Mini Jam\Mini-Jam\SFML\lib\sfml-system-d.lib : warning LNK4272: library machine type 'x64' conflicts with target machine type 'x86'
D:\ITI\Game Programming Intake 46\Mini Jam\Mini-Jam\SFML\lib\sfml-graphics-d.lib : warning LNK4272: library machine type 'x64' conflicts with target machine type 'x86'
D:\ITI\Game Programming Intake 46\Mini Jam\Mini-Jam\Box2D\library\box2d.lib : warning LNK4272: library machine type 'x64' conflicts with target machine type 'x86'
D:\ITI\Game Programming Intake 46\Mini Jam\Mini-Jam\MiniJam_Team05\Debug\MiniJam_Team05.exe : fatal error LNK1120: 75 unresolved externals
