  Animation.cpp
D:\ITI\Game Programming Intake 46\Mini Jam\Mini-Jam\MiniJam_Team05\Animation.cpp(14,38): warning C4244: '=': conversion from 'float' to 'T', possible loss of data
D:\ITI\Game Programming Intake 46\Mini Jam\Mini-Jam\MiniJam_Team05\Animation.cpp(14,38): warning C4244:         with
D:\ITI\Game Programming Intake 46\Mini Jam\Mini-Jam\MiniJam_Team05\Animation.cpp(14,38): warning C4244:         [
D:\ITI\Game Programming Intake 46\Mini Jam\Mini-Jam\MiniJam_Team05\Animation.cpp(14,38): warning C4244:             T=int
D:\ITI\Game Programming Intake 46\Mini Jam\Mini-Jam\MiniJam_Team05\Animation.cpp(14,38): warning C4244:         ]
D:\ITI\Game Programming Intake 46\Mini Jam\Mini-Jam\MiniJam_Team05\Animation.cpp(15,39): warning C4244: '=': conversion from 'float' to 'T', possible loss of data
D:\ITI\Game Programming Intake 46\Mini Jam\Mini-Jam\MiniJam_Team05\Animation.cpp(15,39): warning C4244:         with
D:\ITI\Game Programming Intake 46\Mini Jam\Mini-Jam\MiniJam_Team05\Animation.cpp(15,39): warning C4244:         [
D:\ITI\Game Programming Intake 46\Mini Jam\Mini-Jam\MiniJam_Team05\Animation.cpp(15,39): warning C4244:             T=int
D:\ITI\Game Programming Intake 46\Mini Jam\Mini-Jam\MiniJam_Team05\Animation.cpp(15,39): warning C4244:         ]
  Background.cpp
D:\ITI\Game Programming Intake 46\Mini Jam\Mini-Jam\MiniJam_Team05\Background.cpp(4,55): warning C4244: 'argument': conversion from 'T' to 'T', possible loss of data
D:\ITI\Game Programming Intake 46\Mini Jam\Mini-Jam\MiniJam_Team05\Background.cpp(4,55): warning C4244:         with
D:\ITI\Game Programming Intake 46\Mini Jam\Mini-Jam\MiniJam_Team05\Background.cpp(4,55): warning C4244:         [
D:\ITI\Game Programming Intake 46\Mini Jam\Mini-Jam\MiniJam_Team05\Background.cpp(4,55): warning C4244:             T=unsigned int
D:\ITI\Game Programming Intake 46\Mini Jam\Mini-Jam\MiniJam_Team05\Background.cpp(4,55): warning C4244:         ]
D:\ITI\Game Programming Intake 46\Mini Jam\Mini-Jam\MiniJam_Team05\Background.cpp(4,55): warning C4244:         and
D:\ITI\Game Programming Intake 46\Mini Jam\Mini-Jam\MiniJam_Team05\Background.cpp(4,55): warning C4244:         [
D:\ITI\Game Programming Intake 46\Mini Jam\Mini-Jam\MiniJam_Team05\Background.cpp(4,55): warning C4244:             T=float
D:\ITI\Game Programming Intake 46\Mini Jam\Mini-Jam\MiniJam_Team05\Background.cpp(4,55): warning C4244:         ]
D:\ITI\Game Programming Intake 46\Mini Jam\Mini-Jam\MiniJam_Team05\Background.cpp(4,38): warning C4244: 'argument': conversion from 'T' to 'T', possible loss of data
D:\ITI\Game Programming Intake 46\Mini Jam\Mini-Jam\MiniJam_Team05\Background.cpp(4,38): warning C4244:         with
D:\ITI\Game Programming Intake 46\Mini Jam\Mini-Jam\MiniJam_Team05\Background.cpp(4,38): warning C4244:         [
D:\ITI\Game Programming Intake 46\Mini Jam\Mini-Jam\MiniJam_Team05\Background.cpp(4,38): warning C4244:             T=unsigned int
D:\ITI\Game Programming Intake 46\Mini Jam\Mini-Jam\MiniJam_Team05\Background.cpp(4,38): warning C4244:         ]
D:\ITI\Game Programming Intake 46\Mini Jam\Mini-Jam\MiniJam_Team05\Background.cpp(4,38): warning C4244:         and
D:\ITI\Game Programming Intake 46\Mini Jam\Mini-Jam\MiniJam_Team05\Background.cpp(4,38): warning C4244:         [
D:\ITI\Game Programming Intake 46\Mini Jam\Mini-Jam\MiniJam_Team05\Background.cpp(4,38): warning C4244:             T=float
D:\ITI\Game Programming Intake 46\Mini Jam\Mini-Jam\MiniJam_Team05\Background.cpp(4,38): warning C4244:         ]
D:\ITI\Game Programming Intake 46\Mini Jam\Mini-Jam\MiniJam_Team05\Background.cpp(5,64): warning C4244: 'argument': conversion from 'T' to 'T', possible loss of data
D:\ITI\Game Programming Intake 46\Mini Jam\Mini-Jam\MiniJam_Team05\Background.cpp(5,64): warning C4244:         with
D:\ITI\Game Programming Intake 46\Mini Jam\Mini-Jam\MiniJam_Team05\Background.cpp(5,64): warning C4244:         [
D:\ITI\Game Programming Intake 46\Mini Jam\Mini-Jam\MiniJam_Team05\Background.cpp(5,64): warning C4244:             T=unsigned int
D:\ITI\Game Programming Intake 46\Mini Jam\Mini-Jam\MiniJam_Team05\Background.cpp(5,64): warning C4244:         ]
D:\ITI\Game Programming Intake 46\Mini Jam\Mini-Jam\MiniJam_Team05\Background.cpp(5,64): warning C4244:         and
D:\ITI\Game Programming Intake 46\Mini Jam\Mini-Jam\MiniJam_Team05\Background.cpp(5,64): warning C4244:         [
D:\ITI\Game Programming Intake 46\Mini Jam\Mini-Jam\MiniJam_Team05\Background.cpp(5,64): warning C4244:             T=float
D:\ITI\Game Programming Intake 46\Mini Jam\Mini-Jam\MiniJam_Team05\Background.cpp(5,64): warning C4244:         ]
D:\ITI\Game Programming Intake 46\Mini Jam\Mini-Jam\MiniJam_Team05\Background.cpp(5,43): warning C4244: 'argument': conversion from 'T' to 'T', possible loss of data
D:\ITI\Game Programming Intake 46\Mini Jam\Mini-Jam\MiniJam_Team05\Background.cpp(5,43): warning C4244:         with
D:\ITI\Game Programming Intake 46\Mini Jam\Mini-Jam\MiniJam_Team05\Background.cpp(5,43): warning C4244:         [
D:\ITI\Game Programming Intake 46\Mini Jam\Mini-Jam\MiniJam_Team05\Background.cpp(5,43): warning C4244:             T=unsigned int
D:\ITI\Game Programming Intake 46\Mini Jam\Mini-Jam\MiniJam_Team05\Background.cpp(5,43): warning C4244:         ]
D:\ITI\Game Programming Intake 46\Mini Jam\Mini-Jam\MiniJam_Team05\Background.cpp(5,43): warning C4244:         and
D:\ITI\Game Programming Intake 46\Mini Jam\Mini-Jam\MiniJam_Team05\Background.cpp(5,43): warning C4244:         [
D:\ITI\Game Programming Intake 46\Mini Jam\Mini-Jam\MiniJam_Team05\Background.cpp(5,43): warning C4244:             T=float
D:\ITI\Game Programming Intake 46\Mini Jam\Mini-Jam\MiniJam_Team05\Background.cpp(5,43): warning C4244:         ]
  BoxCollider.cpp
  CircleCollider.cpp
  Enums.cpp
  EnvironmentObject.cpp
D:\ITI\Game Programming Intake 46\Mini Jam\Mini-Jam\MiniJam_Team05\EnvironmentObject.cpp(68,68): warning C4244: 'argument': conversion from 'int' to 'float', possible loss of data
D:\ITI\Game Programming Intake 46\Mini Jam\Mini-Jam\MiniJam_Team05\EnvironmentObject.cpp(68,44): warning C4244: 'argument': conversion from 'int' to 'float', possible loss of data
D:\ITI\Game Programming Intake 46\Mini Jam\Mini-Jam\MiniJam_Team05\EnvironmentObject.cpp(80,69): warning C4244: 'argument': conversion from 'T' to 'float', possible loss of data
D:\ITI\Game Programming Intake 46\Mini Jam\Mini-Jam\MiniJam_Team05\EnvironmentObject.cpp(80,69): warning C4244:         with
D:\ITI\Game Programming Intake 46\Mini Jam\Mini-Jam\MiniJam_Team05\EnvironmentObject.cpp(80,69): warning C4244:         [
D:\ITI\Game Programming Intake 46\Mini Jam\Mini-Jam\MiniJam_Team05\EnvironmentObject.cpp(80,69): warning C4244:             T=unsigned int
D:\ITI\Game Programming Intake 46\Mini Jam\Mini-Jam\MiniJam_Team05\EnvironmentObject.cpp(80,69): warning C4244:         ]
D:\ITI\Game Programming Intake 46\Mini Jam\Mini-Jam\MiniJam_Team05\EnvironmentObject.cpp(80,43): warning C4244: 'argument': conversion from 'T' to 'float', possible loss of data
D:\ITI\Game Programming Intake 46\Mini Jam\Mini-Jam\MiniJam_Team05\EnvironmentObject.cpp(80,43): warning C4244:         with
D:\ITI\Game Programming Intake 46\Mini Jam\Mini-Jam\MiniJam_Team05\EnvironmentObject.cpp(80,43): warning C4244:         [
D:\ITI\Game Programming Intake 46\Mini Jam\Mini-Jam\MiniJam_Team05\EnvironmentObject.cpp(80,43): warning C4244:             T=unsigned int
D:\ITI\Game Programming Intake 46\Mini Jam\Mini-Jam\MiniJam_Team05\EnvironmentObject.cpp(80,43): warning C4244:         ]
D:\ITI\Game Programming Intake 46\Mini Jam\Mini-Jam\MiniJam_Team05\EnvironmentObject.cpp(97,64): warning C4244: 'argument': conversion from 'int' to 'float', possible loss of data
D:\ITI\Game Programming Intake 46\Mini Jam\Mini-Jam\MiniJam_Team05\EnvironmentObject.cpp(97,40): warning C4244: 'argument': conversion from 'int' to 'float', possible loss of data
  FileName.cpp
  GameManager.cpp
C:\Program Files\Microsoft Visual Studio\2022\Community\VC\Tools\MSVC\14.44.35207\include\memory(3630,56): warning C4244: 'argument': conversion from 'const unsigned int' to 'float', possible loss of data
  (compiling source file 'GameManager.cpp')
      C:\Program Files\Microsoft Visual Studio\2022\Community\VC\Tools\MSVC\14.44.35207\include\memory(3630,56):
      the template instantiation context (the oldest one first) is
          D:\ITI\Game Programming Intake 46\Mini Jam\Mini-Jam\MiniJam_Team05\GameManager.cpp(10,19):
          see reference to function template instantiation 'std::unique_ptr<Player,std::default_delete<Player>> std::make_unique<Player,_Ty&,const unsigned int&,b2Vec2,0>(_Ty &,const unsigned int &,b2Vec2 &&)' being compiled
          with
          [
              _Ty=b2World
          ]
  
  GameObject.cpp
  Ground.cpp
  Level.cpp
  Level_Forest.cpp
C:\Program Files\Microsoft Visual Studio\2022\Community\VC\Tools\MSVC\14.44.35207\include\memory(3630,56): warning C4244: 'argument': conversion from '_Ty' to 'const float', possible loss of data
C:\Program Files\Microsoft Visual Studio\2022\Community\VC\Tools\MSVC\14.44.35207\include\memory(3630,56): warning C4244:         with
C:\Program Files\Microsoft Visual Studio\2022\Community\VC\Tools\MSVC\14.44.35207\include\memory(3630,56): warning C4244:         [
C:\Program Files\Microsoft Visual Studio\2022\Community\VC\Tools\MSVC\14.44.35207\include\memory(3630,56): warning C4244:             _Ty=unsigned int
C:\Program Files\Microsoft Visual Studio\2022\Community\VC\Tools\MSVC\14.44.35207\include\memory(3630,56): warning C4244:         ]
  (compiling source file 'Level_Forest.cpp')
      C:\Program Files\Microsoft Visual Studio\2022\Community\VC\Tools\MSVC\14.44.35207\include\memory(3630,56):
      the template instantiation context (the oldest one first) is
          D:\ITI\Game Programming Intake 46\Mini Jam\Mini-Jam\MiniJam_Team05\Level_Forest.cpp(6,32):
          see reference to function template instantiation 'std::unique_ptr<GameObject,std::default_delete<GameObject>> std::make_unique<GameObject,b2Vec2,b2World&,unsigned int,unsigned int,float,bool,0>(b2Vec2 &&,b2World &,unsigned int &&,unsigned int &&,float &&,bool &&)' being compiled
  
  Level_Rock.cpp
C:\Program Files\Microsoft Visual Studio\2022\Community\VC\Tools\MSVC\14.44.35207\include\memory(3630,56): warning C4244: 'argument': conversion from '_Ty' to 'const float', possible loss of data
C:\Program Files\Microsoft Visual Studio\2022\Community\VC\Tools\MSVC\14.44.35207\include\memory(3630,56): warning C4244:         with
C:\Program Files\Microsoft Visual Studio\2022\Community\VC\Tools\MSVC\14.44.35207\include\memory(3630,56): warning C4244:         [
C:\Program Files\Microsoft Visual Studio\2022\Community\VC\Tools\MSVC\14.44.35207\include\memory(3630,56): warning C4244:             _Ty=unsigned int
C:\Program Files\Microsoft Visual Studio\2022\Community\VC\Tools\MSVC\14.44.35207\include\memory(3630,56): warning C4244:         ]
  (compiling source file 'Level_Rock.cpp')
      C:\Program Files\Microsoft Visual Studio\2022\Community\VC\Tools\MSVC\14.44.35207\include\memory(3630,56):
      the template instantiation context (the oldest one first) is
          D:\ITI\Game Programming Intake 46\Mini Jam\Mini-Jam\MiniJam_Team05\Level_Rock.cpp(6,32):
          see reference to function template instantiation 'std::unique_ptr<GameObject,std::default_delete<GameObject>> std::make_unique<GameObject,b2Vec2,b2World&,unsigned int,unsigned int,float,bool,0>(b2Vec2 &&,b2World &,unsigned int &&,unsigned int &&,float &&,bool &&)' being compiled
  
  Player.cpp
D:\ITI\Game Programming Intake 46\Mini Jam\Mini-Jam\MiniJam_Team05\Player.cpp(80,60): warning C4305: 'argument': truncation from 'double' to 'float'
D:\ITI\Game Programming Intake 46\Mini Jam\Mini-Jam\MiniJam_Team05\Player.cpp(153,76): warning C4244: 'argument': conversion from 'int' to 'float', possible loss of data
D:\ITI\Game Programming Intake 46\Mini Jam\Mini-Jam\MiniJam_Team05\Player.cpp(153,46): warning C4244: 'argument': conversion from 'int' to 'float', possible loss of data
  Rotator.cpp
  SpriteLoader.cpp
  Utilities.cpp
BoxCollider.obj : error LNK2001: unresolved external symbol "public: void __cdecl b2PolygonShape::SetAsBox(float,float)" (?SetAsBox@b2PolygonShape@@QEAAXMM@Z)
BoxCollider.obj : error LNK2001: unresolved external symbol "public: __cdecl b2PolygonShape::b2PolygonShape(void)" (??0b2PolygonShape@@QEAA@XZ)
BoxCollider.obj : error LNK2001: unresolved external symbol "public: class b2Fixture * __cdecl b2Body::CreateFixture(struct b2FixtureDef const *)" (?CreateFixture@b2Body@@QEAAPEAVb2Fixture@@PEBUb2FixtureDef@@@Z)
BoxCollider.obj : error LNK2001: unresolved external symbol "public: void __cdecl b2World::DestroyBody(class b2Body *)" (?DestroyBody@b2World@@QEAAXPEAVb2Body@@@Z)
BoxCollider.obj : error LNK2001: unresolved external symbol "public: class b2Body * __cdecl b2World::CreateBody(struct b2BodyDef const *)" (?CreateBody@b2World@@QEAAPEAVb2Body@@PEBUb2BodyDef@@@Z)
GameManager.obj : error LNK2001: unresolved external symbol "public: void __cdecl b2World::Step(float,int,int)" (?Step@b2World@@QEAAXMHH@Z)
GameManager.obj : error LNK2001: unresolved external symbol "public: void __cdecl b2World::SetContactListener(class b2ContactListener *)" (?SetContactListener@b2World@@QEAAXPEAVb2ContactListener@@@Z)
GameManager.obj : error LNK2001: unresolved external symbol "public: __cdecl b2World::~b2World(void)" (??1b2World@@QEAA@XZ)
GameManager.obj : error LNK2001: unresolved external symbol "public: __cdecl b2World::b2World(struct b2Vec2 const &)" (??0b2World@@QEAA@AEBUb2Vec2@@@Z)
Level.obj : error LNK2001: unresolved external symbol "struct b2Vec2 const b2Vec2_zero" (?b2Vec2_zero@@3Ub2Vec2@@B)
Player.obj : error LNK2001: unresolved external symbol "public: void __cdecl b2PolygonShape::SetAsBox(float,float,struct b2Vec2 const &,float)" (?SetAsBox@b2PolygonShape@@QEAAXMMAEBUb2Vec2@@M@Z)
D:\ITI\Game Programming Intake 46\Mini Jam\Mini-Jam\MiniJam_Team05\x64\Release\MiniJam_Team05.exe : fatal error LNK1120: 11 unresolved externals
