d:\iti\game programming intake 46\mini jam\mini-jam\minijam_team05\minijam_team05\x64\release\vc143.pdb
d:\iti\game programming intake 46\mini jam\mini-jam\minijam_team05\minijam_team05\x64\release\spriteloader.obj
d:\iti\game programming intake 46\mini jam\mini-jam\minijam_team05\minijam_team05\x64\release\spike.obj
d:\iti\game programming intake 46\mini jam\mini-jam\minijam_team05\minijam_team05\x64\release\soundmanager.obj
d:\iti\game programming intake 46\mini jam\mini-jam\minijam_team05\minijam_team05\x64\release\rotator.obj
d:\iti\game programming intake 46\mini jam\mini-jam\minijam_team05\minijam_team05\x64\release\player.obj
d:\iti\game programming intake 46\mini jam\mini-jam\minijam_team05\minijam_team05\x64\release\mainmenu.obj
d:\iti\game programming intake 46\mini jam\mini-jam\minijam_team05\minijam_team05\x64\release\level_rock.obj
d:\iti\game programming intake 46\mini jam\mini-jam\minijam_team05\minijam_team05\x64\release\level_lava.obj
d:\iti\game programming intake 46\mini jam\mini-jam\minijam_team05\minijam_team05\x64\release\level_forest.obj
d:\iti\game programming intake 46\mini jam\mini-jam\minijam_team05\minijam_team05\x64\release\level.obj
d:\iti\game programming intake 46\mini jam\mini-jam\minijam_team05\minijam_team05\x64\release\key.obj
d:\iti\game programming intake 46\mini jam\mini-jam\minijam_team05\minijam_team05\x64\release\gameobject.obj
d:\iti\game programming intake 46\mini jam\mini-jam\minijam_team05\minijam_team05\x64\release\gamemanager.obj
d:\iti\game programming intake 46\mini jam\mini-jam\minijam_team05\minijam_team05\x64\release\game.obj
d:\iti\game programming intake 46\mini jam\mini-jam\minijam_team05\minijam_team05\x64\release\finalmenu.obj
d:\iti\game programming intake 46\mini jam\mini-jam\minijam_team05\minijam_team05\x64\release\door.obj
d:\iti\game programming intake 46\mini jam\mini-jam\minijam_team05\minijam_team05\x64\release\deadscreen.obj
d:\iti\game programming intake 46\mini jam\mini-jam\minijam_team05\minijam_team05\x64\release\boxcollider.obj
d:\iti\game programming intake 46\mini jam\mini-jam\minijam_team05\minijam_team05\x64\release\background.obj
d:\iti\game programming intake 46\mini jam\mini-jam\minijam_team05\minijam_team05\x64\release\animation.obj
d:\iti\game programming intake 46\mini jam\mini-jam\minijam_team05\minijam_team05\x64\release\winscreen.obj
d:\iti\game programming intake 46\mini jam\mini-jam\minijam_team05\minijam_team05\x64\release\utilities.obj
d:\iti\game programming intake 46\mini jam\mini-jam\minijam_team05\minijam_team05\x64\release\uibtn.obj
d:\iti\game programming intake 46\mini jam\mini-jam\minijam_team05\minijam_team05\x64\release\minijam_team05.tlog\cl.command.1.tlog
d:\iti\game programming intake 46\mini jam\mini-jam\minijam_team05\minijam_team05\x64\release\minijam_team05.tlog\cl.read.1.tlog
d:\iti\game programming intake 46\mini jam\mini-jam\minijam_team05\minijam_team05\x64\release\minijam_team05.tlog\cl.write.1.tlog
d:\iti\game programming intake 46\mini jam\mini-jam\minijam_team05\minijam_team05\x64\release\minijam_team05.tlog\rc.command.1.tlog
d:\iti\game programming intake 46\mini jam\mini-jam\minijam_team05\minijam_team05\x64\release\minijam_team05.tlog\rc.read.1.tlog
d:\iti\game programming intake 46\mini jam\mini-jam\minijam_team05\minijam_team05\x64\release\minijam_team05.tlog\rc.write.1.tlog
